DELL@Bijoy MINGW64 /e/HTML,CSS,JS/Programs/Web Development Complet Website
$ git config --global user.name "srijan"

DELL@Bijoy MINGW64 /e/HTML,CSS,JS/Programs/Web Development Complete Course/Dance Website
$ git config --global user.email "srijanbanerjee18@gmail.com"

DELL@Bijoy MINGW64 /e/HTML,CSS,JS/Programs/Web Development Complete Course/Dance Website
$ touch .gitignore

DELL@Bijoy MINGW64 /e/HTML,CSS,JS/Programs/Web Development Complete Course/Dance Website
$ git init
Initialized empty Git repository in E:/HTML,CSS,JS/Programs/
Web Development Complete Course/Dance Website/.git/

DELL@Bijoy MINGW64 /e/HTML,CSS,JS/Programs/Web Development Complete Course/Dance Website (master)
$ git add .
warning: in the working copy of 'package-lock.json', LF will
 be replaced by CRLF the next time Git touches it
warning: in the working copy of 'package.json', LF will be r
eplaced by CRLF the next time Git touches it
warning: in the working copy of 'response.txt', LF will be r
eplaced by CRLF the next time Git touches it

DELL@Bijoy MINGW64 /e/HTML,CSS,JS/Programs/Web Development Complete Course/Dance Website (master)
$ git commit -m "Initial commit"
[master (root-commit) 995b2b4] Initial commit
 31 files changed, 1968 insertions(+)
 create mode 100644 .gitignore
 create mode 100644 app.js
 create mode 100644 package-lock.json
 create mode 100644 package.json
 create mode 100644 response.txt
 create mode 100644 static/about.css
 create mode 100644 static/bg1.jpg
 create mode 100644 static/bg2.jpg
 create mode 100644 static/classinfo.css
 create mode 100644 static/contact.css
 create mode 100644 static/first.jpg
 create mode 100644 static/firstbg.jpg
 create mode 100644 static/index.js
 create mode 100644 static/logo.jpg
 create mode 100644 static/second.jpg
 create mode 100644 static/services.css
 create mode 100644 static/sponser1.jpg
 create mode 100644 static/sponser2.jpg
 create mode 100644 static/sponser3.jpg
 create mode 100644 static/sponser4.jpg
 create mode 100644 static/style.css
 create mode 100644 static/submit.css
 create mode 100644 static/third.jpg
 create mode 100644 views/about.pug
 create mode 100644 views/base.pug
 create mode 100644 views/classinfo.pug
 create mode 100644 views/contact.pug
 create mode 100644 views/home.pug
 create mode 100644 views/index.pug
 create mode 100644 views/services.pug
 create mode 100644 views/submit.pug

DELL@Bijoy MINGW64 /e/HTML,CSS,JS/Programs/Web Development Complete Course/Dance Website (master)
$ git status
On branch master
nothing to commit, working tree clean

DELL@Bijoy MINGW64 /e/HTML,CSS,JS/Programs/Web Development Complete Course/Dance Website (master)
$ git remote add origin git@github.com:srijan9051/Dance-Website.git

DELL@Bijoy MINGW64 /e/HTML,CSS,JS/Programs/Web Development Complete Course/Dance Website (master)
$ git push origin master
The authenticity of host 'github.com (20.207.73.82)' can't be esta
blished.
ED25519 key fingerprint is SHA256:+DiY3wvvV6TuJJhbpZisF/zLDA0zPMSv
Hdkr4UvCOqU.
This key is not known by any other names.
Are you sure you want to continue connecting (yes/no/[fingerprint]
)? n
Please type 'yes', 'no' or the fingerprint: no
Host key verification failed.
fatal: Could not read from remote repository.

Please make sure you have the correct access rights
and the repository exists.

DELL@Bijoy MINGW64 /e/HTML,CSS,JS/Programs/Web Development Complete Course/Dance Website (master)
$ ssh-keygen -t rsa -b 4096 -c "srijanbanerjee18@gmail.com"
Too many arguments.
usage: ssh-keygen [-q] [-a rounds] [-b bits] [-C comment] [-f output_keyfile]
                  [-m format] [-N new_passphrase] [-O option]
                  [-t dsa | ecdsa | ecdsa-sk | ed25519 | ed25519-sk | rsa]
                  [-w provider] [-Z cipher]
       ssh-keygen -p [-a rounds] [-f keyfile] [-m format] [-N new_passphrase]
                   [-P old_passphrase] [-Z cipher]
       ssh-keygen -i [-f input_keyfile] [-m key_format]
       ssh-keygen -e [-f input_keyfile] [-m key_format]
       ssh-keygen -y [-f input_keyfile]
       ssh-keygen -c [-a rounds] [-C comment] [-f keyfile] [-P passphrase]
       ssh-keygen -l [-v] [-E fingerprint_hash] [-f input_keyfile]
       ssh-keygen -B [-f input_keyfile]
       ssh-keygen -D pkcs11
       ssh-keygen -F hostname [-lv] [-f known_hosts_file]
       ssh-keygen -H [-f known_hosts_file]
       ssh-keygen -K [-a rounds] [-w provider]
       ssh-keygen -R hostname [-f known_hosts_file]
       ssh-keygen -r hostname [-g] [-f input_keyfile]
       ssh-keygen -M generate [-O option] output_file
       ssh-keygen -M screen [-f input_file] [-O option] output_file
       ssh-keygen -I certificate_identity -s ca_key [-hU] [-D pkcs11_provider]
                  [-n principals] [-O option] [-V validity_interval]
                  [-z serial_number] file ...
       ssh-keygen -L [-f input_keyfile]
       ssh-keygen -A [-a rounds] [-f prefix_path]
       ssh-keygen -k -f krl_file [-u] [-s ca_public] [-z version_number]
                  file ...
       ssh-keygen -Q [-l] -f krl_file [file ...]
       ssh-keygen -Y find-principals -s signature_file -f allowed_signers_file
       ssh-keygen -Y match-principals -I signer_identity -f allowed_signers_file
       ssh-keygen -Y check-novalidate -n namespace -s signature_file
       ssh-keygen -Y sign -f key_file -n namespace file [-O option] ...
       ssh-keygen -Y verify -f allowed_signers_file -I signer_identity
                  -n namespace -s signature_file [-r krl_file] [-O option]

DELL@Bijoy MINGW64 /e/HTML,CSS,JS/Programs/Web Development Complete Course/Dance Website (master)
$ ssh-keygen -t ed25519 -C "srijanbanerjee18@gmail.com"
Generating public/private ed25519 key pair.
Enter file in which to save the key (/c/Users/DELL/.ssh/id_ed25519):
Created directory '/c/Users/DELL/.ssh'.
Enter passphrase (empty for no passphrase):
Enter same passphrase again:
Your identification has been saved in /c/Users/DELL/.ssh/id_ed25519
Your public key has been saved in /c/Users/DELL/.ssh/id_ed25519.pub
The key fingerprint is:
SHA256:qecZFaIj6nktVHooKPuMz9dPB/mY5Ij4KKQNYhN21rM srijanbanerjee18@gmail.com
The key's randomart image is:
+--[ED25519 256]--+
|                 |
|                 |
|    .   . .      |
| o o o.. + .     |
|..+ .+= S .      |
|=+.o+E.* *       |
|*++o.+o B o      |
|+=.++ o+ +       |
|.+Oo.. .+        |
+----[SHA256]-----+

DELL@Bijoy MINGW64 /e/HTML,CSS,JS/Programs/Web Development Complete Course/Dance Website (master)
$ cat /c/Users/DELL/.ssh/id_ed25519.pub
ssh-ed25519 AAAAC3NzaC1lZDI1NTE5AAAAIHhuWLWjdQdYBPevJC3l882ddaVI9xAx5bkAYqXS2jZ/ srijanbanerjee18@gmail.com

DELL@Bijoy MINGW64 /e/HTML,CSS,JS/Programs/Web Development Complete Course/Dance Website (master)
$ ^C

DELL@Bijoy MINGW64 /e/HTML,CSS,JS/Programs/Web Development Complete Course/Dance Website (master)
$ git push origin master
The authenticity of host 'github.com (20.207.73.82)' can't be esta
blished.
ED25519 key fingerprint is SHA256:+DiY3wvvV6TuJJhbpZisF/zLDA0zPMSv
Hdkr4UvCOqU.
This key is not known by any other names.
Are you sure you want to continue connecting (yes/no/[fingerprint]
)? yes
Warning: Permanently added 'github.com' (ED25519) to the list of k
nown hosts.
Enumerating objects: 34, done.
Counting objects: 100% (34/34), done.
Delta compression using up to 4 threads
Compressing objects: 100% (32/32), done.
Writing objects: 100% (34/34), 238.08 KiB | 3.61 MiB/s, done.
Total 34 (delta 7), reused 0 (delta 0), pack-reused 0
remote: Resolving deltas: 100% (7/7), done.
To github.com:srijan9051/Dance-Website.git
 * [new branch]      master -> master

DELL@Bijoy MINGW64 /e/HTML,CSS,JS/Programs/Web Development Complete Course/Dance Website (master)
$
